---
source: src/parser/mod.rs
expression: "complete_implementation(&rrule).map(|v: DateTime<Utc>|\n                                        v.with_timezone(&tz)).collect::<Vec<DateTime<Tz>>>()"

---
[
    1997-09-02T09:00:00EDT,
    1997-09-03T09:00:00EDT,
    1997-09-04T09:00:00EDT,
    1997-09-05T09:00:00EDT,
    1997-09-06T09:00:00EDT,
    1997-09-07T09:00:00EDT,
    1997-09-08T09:00:00EDT,
    1997-09-09T09:00:00EDT,
    1997-09-10T09:00:00EDT,
    1997-09-11T09:00:00EDT,
    1997-09-12T09:00:00EDT,
    1997-09-13T09:00:00EDT,
    1997-09-14T09:00:00EDT,
    1997-09-15T09:00:00EDT,
    1997-09-16T09:00:00EDT,
    1997-09-17T09:00:00EDT,
    1997-09-18T09:00:00EDT,
    1997-09-19T09:00:00EDT,
    1997-09-20T09:00:00EDT,
    1997-09-21T09:00:00EDT,
    1997-09-22T09:00:00EDT,
    1997-09-23T09:00:00EDT,
    1997-09-24T09:00:00EDT,
    1997-09-25T09:00:00EDT,
    1997-09-26T09:00:00EDT,
    1997-09-27T09:00:00EDT,
    1997-09-28T09:00:00EDT,
    1997-09-29T09:00:00EDT,
    1997-09-30T09:00:00EDT,
    1997-10-01T09:00:00EDT,
    1997-10-02T09:00:00EDT,
    1997-10-03T09:00:00EDT,
    1997-10-04T09:00:00EDT,
    1997-10-05T09:00:00EDT,
    1997-10-06T09:00:00EDT,
    1997-10-07T09:00:00EDT,
    1997-10-08T09:00:00EDT,
    1997-10-09T09:00:00EDT,
    1997-10-10T09:00:00EDT,
    1997-10-11T09:00:00EDT,
    1997-10-12T09:00:00EDT,
    1997-10-13T09:00:00EDT,
    1997-10-14T09:00:00EDT,
    1997-10-15T09:00:00EDT,
    1997-10-16T09:00:00EDT,
    1997-10-17T09:00:00EDT,
    1997-10-18T09:00:00EDT,
    1997-10-19T09:00:00EDT,
    1997-10-20T09:00:00EDT,
    1997-10-21T09:00:00EDT,
    1997-10-22T09:00:00EDT,
    1997-10-23T09:00:00EDT,
    1997-10-24T09:00:00EDT,
    1997-10-25T09:00:00EDT,
    1997-10-26T08:00:00EST,
    1997-10-27T08:00:00EST,
    1997-10-28T08:00:00EST,
    1997-10-29T08:00:00EST,
    1997-10-30T08:00:00EST,
    1997-10-31T08:00:00EST,
    1997-11-01T08:00:00EST,
    1997-11-02T08:00:00EST,
    1997-11-03T08:00:00EST,
    1997-11-04T08:00:00EST,
    1997-11-05T08:00:00EST,
    1997-11-06T08:00:00EST,
    1997-11-07T08:00:00EST,
    1997-11-08T08:00:00EST,
    1997-11-09T08:00:00EST,
    1997-11-10T08:00:00EST,
    1997-11-11T08:00:00EST,
    1997-11-12T08:00:00EST,
    1997-11-13T08:00:00EST,
    1997-11-14T08:00:00EST,
    1997-11-15T08:00:00EST,
    1997-11-16T08:00:00EST,
    1997-11-17T08:00:00EST,
    1997-11-18T08:00:00EST,
    1997-11-19T08:00:00EST,
    1997-11-20T08:00:00EST,
    1997-11-21T08:00:00EST,
    1997-11-22T08:00:00EST,
    1997-11-23T08:00:00EST,
    1997-11-24T08:00:00EST,
    1997-11-25T08:00:00EST,
    1997-11-26T08:00:00EST,
    1997-11-27T08:00:00EST,
    1997-11-28T08:00:00EST,
    1997-11-29T08:00:00EST,
    1997-11-30T08:00:00EST,
    1997-12-01T08:00:00EST,
    1997-12-02T08:00:00EST,
    1997-12-03T08:00:00EST,
    1997-12-04T08:00:00EST,
    1997-12-05T08:00:00EST,
    1997-12-06T08:00:00EST,
    1997-12-07T08:00:00EST,
    1997-12-08T08:00:00EST,
    1997-12-09T08:00:00EST,
    1997-12-10T08:00:00EST,
    1997-12-11T08:00:00EST,
    1997-12-12T08:00:00EST,
    1997-12-13T08:00:00EST,
    1997-12-14T08:00:00EST,
    1997-12-15T08:00:00EST,
    1997-12-16T08:00:00EST,
    1997-12-17T08:00:00EST,
    1997-12-18T08:00:00EST,
    1997-12-19T08:00:00EST,
    1997-12-20T08:00:00EST,
    1997-12-21T08:00:00EST,
    1997-12-22T08:00:00EST,
    1997-12-23T08:00:00EST,
]
